PROGRAM
INT
ID[X]
COMMA
ID[Y]
COMMA
ID[XY]
SEMICOLON
BEGIN
READ
ID[X]
SEMICOLON
ID[Y]
ASSIGN
CONST[0]
SEMICOLON
READ
ID[XY]
COMMA
ID[Y]
SEMICOLON
WRITE
ID[XY]
SEMICOLON
ID[Y]
ASSIGN
ID[Y]
ADD
ID[XY]
SEMICOLON
ID[X]
ASSIGN
ID[X]
SUB
CONST[1]
SEMICOLON
WHILE
CONST[0]
LESS
ID[X]
LBRACE
READ
ID[XY]
SEMICOLON
WRITE
ID[XY]
SEMICOLON
ID[Y]
ASSIGN
ID[Y]
ADD
ID[XY]
SEMICOLON
ID[X]
ASSIGN
ID[X]
SUB
CONST[1]
SEMICOLON
RBRACE
SEMICOLON
WRITE
ID[Y]
SEMICOLON
END
