PROGRAM
INT
ID[X]
COMMA
ID[Y]
COMMA
ID[XY]
SEMICOLON
READ
ID[X]
COMMA
ID[Y]
SEMICOLON
WHILE
NEGATION
LPAREN
ID[X]
ASSIGN
CONST[0]
RPAREN
BEGIN
ID[Y]
ASSIGN
ID[Y]
MULT
ID[Y]
SEMICOLON
ID[X]
ASSIGN
ID[X]
SUB
CONST[1]
SEMICOLON
SEMICOLON
WRITE
ID[Y]
SEMICOLON
END
