ID[pRogram]
ID[Read]
ID[wriTe]
ID[iF]
ID[TheN]
ID[ENDIF]
ID[BEGIN]
ID[EnD]
REF
ID[EOS]
